// Jest Snapshot v1, https://goo.gl/fbAQLP

exports[`renders correctly 1`] = `
<nav
  className="sc-bdfBwQ hjshVr"
>
  <img
    alt="img"
    src="math.png"
  />
  <div>
    <a
      href="/"
      onClick={[Function]}
    >
      Home
    </a>
    <a
      href="/calc"
      onClick={[Function]}
    >
      Calculator
    </a>
    <a
      href="/quote"
      onClick={[Function]}
    >
      Quote
    </a>
  </div>
</nav>
`;
